Archive member included because of file (symbol)

c:/programme/winavr-20100110/bin/../lib/gcc/avr/4.3.3/avr4\libgcc.a(_exit.o)
                              c:/programme/winavr-20100110/bin/../lib/gcc/avr/4.3.3/../../../../avr/lib/avr4/crtm8.o (exit)
c:/programme/winavr-20100110/bin/../lib/gcc/avr/4.3.3/avr4\libgcc.a(_copy_data.o)
                              test.o (__do_copy_data)

Memory Configuration

Name             Origin             Length             Attributes
text             0x00000000         0x00002000         xr
data             0x00800060         0x0000ffa0         rw !x
eeprom           0x00810000         0x00010000         rw !x
fuse             0x00820000         0x00000400         rw !x
lock             0x00830000         0x00000400         rw !x
signature        0x00840000         0x00000400         rw !x
*default*        0x00000000         0xffffffff

Linker script and memory map

LOAD c:/programme/winavr-20100110/bin/../lib/gcc/avr/4.3.3/../../../../avr/lib/avr4/crtm8.o
LOAD Display2x8.o
LOAD test.o
LOAD c:/programme/winavr-20100110/bin/../lib/gcc/avr/4.3.3/../../../../avr/lib/avr4\libm.a
LOAD c:/programme/winavr-20100110/bin/../lib/gcc/avr/4.3.3/avr4\libgcc.a
LOAD c:/programme/winavr-20100110/bin/../lib/gcc/avr/4.3.3/../../../../avr/lib/avr4\libc.a
LOAD c:/programme/winavr-20100110/bin/../lib/gcc/avr/4.3.3/avr4\libgcc.a

.hash
 *(.hash)

.dynsym
 *(.dynsym)

.dynstr
 *(.dynstr)

.gnu.version
 *(.gnu.version)

.gnu.version_d
 *(.gnu.version_d)

.gnu.version_r
 *(.gnu.version_r)

.rel.init
 *(.rel.init)

.rela.init
 *(.rela.init)

.rel.text
 *(.rel.text)
 *(.rel.text.*)
 *(.rel.gnu.linkonce.t*)

.rela.text
 *(.rela.text)
 *(.rela.text.*)
 *(.rela.gnu.linkonce.t*)

.rel.fini
 *(.rel.fini)

.rela.fini
 *(.rela.fini)

.rel.rodata
 *(.rel.rodata)
 *(.rel.rodata.*)
 *(.rel.gnu.linkonce.r*)

.rela.rodata
 *(.rela.rodata)
 *(.rela.rodata.*)
 *(.rela.gnu.linkonce.r*)

.rel.data
 *(.rel.data)
 *(.rel.data.*)
 *(.rel.gnu.linkonce.d*)

.rela.data
 *(.rela.data)
 *(.rela.data.*)
 *(.rela.gnu.linkonce.d*)

.rel.ctors
 *(.rel.ctors)

.rela.ctors
 *(.rela.ctors)

.rel.dtors
 *(.rel.dtors)

.rela.dtors
 *(.rela.dtors)

.rel.got
 *(.rel.got)

.rela.got
 *(.rela.got)

.rel.bss
 *(.rel.bss)

.rela.bss
 *(.rela.bss)

.rel.plt
 *(.rel.plt)

.rela.plt
 *(.rela.plt)

.text           0x00000000      0x1b2
 *(.vectors)
 .vectors       0x00000000       0x26 c:/programme/winavr-20100110/bin/../lib/gcc/avr/4.3.3/../../../../avr/lib/avr4/crtm8.o
                0x00000000                __vectors
                0x00000000                __vector_default
 *(.vectors)
 *(.progmem.gcc*)
 *(.progmem*)
                0x00000026                . = ALIGN (0x2)
                0x00000026                __trampolines_start = .
 *(.trampolines)
 .trampolines   0x00000026        0x0 linker stubs
 *(.trampolines*)
                0x00000026                __trampolines_end = .
 *(.jumptables)
 *(.jumptables*)
 *(.lowtext)
 *(.lowtext*)
                0x00000026                __ctors_start = .
 *(.ctors)
                0x00000026                __ctors_end = .
                0x00000026                __dtors_start = .
 *(.dtors)
                0x00000026                __dtors_end = .
 SORT(*)(.ctors)
 SORT(*)(.dtors)
 *(.init0)
 .init0         0x00000026        0x0 c:/programme/winavr-20100110/bin/../lib/gcc/avr/4.3.3/../../../../avr/lib/avr4/crtm8.o
                0x00000026                __init
 *(.init0)
 *(.init1)
 *(.init1)
 *(.init2)
 .init2         0x00000026        0xc c:/programme/winavr-20100110/bin/../lib/gcc/avr/4.3.3/../../../../avr/lib/avr4/crtm8.o
 *(.init2)
 *(.init3)
 *(.init3)
 *(.init4)
 .init4         0x00000032       0x16 c:/programme/winavr-20100110/bin/../lib/gcc/avr/4.3.3/avr4\libgcc.a(_copy_data.o)
                0x00000032                __do_copy_data
 *(.init4)
 *(.init5)
 *(.init5)
 *(.init6)
 *(.init6)
 *(.init7)
 *(.init7)
 *(.init8)
 *(.init8)
 *(.init9)
 .init9         0x00000048        0x4 c:/programme/winavr-20100110/bin/../lib/gcc/avr/4.3.3/../../../../avr/lib/avr4/crtm8.o
 *(.init9)
 *(.text)
 .text          0x0000004c        0x2 c:/programme/winavr-20100110/bin/../lib/gcc/avr/4.3.3/../../../../avr/lib/avr4/crtm8.o
                0x0000004c                __vector_1
                0x0000004c                __vector_12
                0x0000004c                __bad_interrupt
                0x0000004c                __vector_6
                0x0000004c                __vector_3
                0x0000004c                __vector_11
                0x0000004c                __vector_13
                0x0000004c                __vector_17
                0x0000004c                __vector_7
                0x0000004c                __vector_5
                0x0000004c                __vector_4
                0x0000004c                __vector_9
                0x0000004c                __vector_2
                0x0000004c                __vector_15
                0x0000004c                __vector_8
                0x0000004c                __vector_14
                0x0000004c                __vector_10
                0x0000004c                __vector_16
                0x0000004c                __vector_18
 .text          0x0000004e      0x10e Display2x8.o
                0x0000008a                cmd2Lcd
                0x0000006c                lcdWrite
                0x000000a0                clearLcd
                0x000000b2                lcdInit
                0x00000084                lcdWrite9
                0x0000012c                sendStringToLCD
                0x000000ac                home2Lcd
                0x0000004e                lcdWriteNibble
                0x000000a6                home1Lcd
 .text          0x0000015c       0x52 test.o
                0x0000015c                main
 .text          0x000001ae        0x0 c:/programme/winavr-20100110/bin/../lib/gcc/avr/4.3.3/avr4\libgcc.a(_exit.o)
 .text          0x000001ae        0x0 c:/programme/winavr-20100110/bin/../lib/gcc/avr/4.3.3/avr4\libgcc.a(_copy_data.o)
                0x000001ae                . = ALIGN (0x2)
 *(.text.*)
 .text.libgcc   0x000001ae        0x0 c:/programme/winavr-20100110/bin/../lib/gcc/avr/4.3.3/avr4\libgcc.a(_exit.o)
 .text.libgcc   0x000001ae        0x0 c:/programme/winavr-20100110/bin/../lib/gcc/avr/4.3.3/avr4\libgcc.a(_copy_data.o)
                0x000001ae                . = ALIGN (0x2)
 *(.fini9)
 .fini9         0x000001ae        0x0 c:/programme/winavr-20100110/bin/../lib/gcc/avr/4.3.3/avr4\libgcc.a(_exit.o)
                0x000001ae                exit
                0x000001ae                _exit
 *(.fini9)
 *(.fini8)
 *(.fini8)
 *(.fini7)
 *(.fini7)
 *(.fini6)
 *(.fini6)
 *(.fini5)
 *(.fini5)
 *(.fini4)
 *(.fini4)
 *(.fini3)
 *(.fini3)
 *(.fini2)
 *(.fini2)
 *(.fini1)
 *(.fini1)
 *(.fini0)
 .fini0         0x000001ae        0x4 c:/programme/winavr-20100110/bin/../lib/gcc/avr/4.3.3/avr4\libgcc.a(_exit.o)
 *(.fini0)
                0x000001b2                _etext = .

.data           0x00800060        0xc load address 0x000001b2
                0x00800060                PROVIDE (__data_start, .)
 *(.data)
 .data          0x00800060        0x0 c:/programme/winavr-20100110/bin/../lib/gcc/avr/4.3.3/../../../../avr/lib/avr4/crtm8.o
 .data          0x00800060        0x0 Display2x8.o
 .data          0x00800060        0xc test.o
 .data          0x0080006c        0x0 c:/programme/winavr-20100110/bin/../lib/gcc/avr/4.3.3/avr4\libgcc.a(_exit.o)
 .data          0x0080006c        0x0 c:/programme/winavr-20100110/bin/../lib/gcc/avr/4.3.3/avr4\libgcc.a(_copy_data.o)
 *(.data*)
 *(.rodata)
 *(.rodata*)
 *(.gnu.linkonce.d*)
                0x0080006c                . = ALIGN (0x2)
                0x0080006c                _edata = .
                0x0080006c                PROVIDE (__data_end, .)

.bss            0x0080006c        0x0
                0x0080006c                PROVIDE (__bss_start, .)
 *(.bss)
 .bss           0x0080006c        0x0 c:/programme/winavr-20100110/bin/../lib/gcc/avr/4.3.3/../../../../avr/lib/avr4/crtm8.o
 .bss           0x0080006c        0x0 Display2x8.o
 .bss           0x0080006c        0x0 test.o
 .bss           0x0080006c        0x0 c:/programme/winavr-20100110/bin/../lib/gcc/avr/4.3.3/avr4\libgcc.a(_exit.o)
 .bss           0x0080006c        0x0 c:/programme/winavr-20100110/bin/../lib/gcc/avr/4.3.3/avr4\libgcc.a(_copy_data.o)
 *(.bss*)
 *(COMMON)
                0x0080006c                PROVIDE (__bss_end, .)
                0x000001b2                __data_load_start = LOADADDR (.data)
                0x000001be                __data_load_end = (__data_load_start + SIZEOF (.data))

.noinit         0x0080006c        0x0
                0x0080006c                PROVIDE (__noinit_start, .)
 *(.noinit*)
                0x0080006c                PROVIDE (__noinit_end, .)
                0x0080006c                _end = .
                0x0080006c                PROVIDE (__heap_start, .)

.eeprom         0x00810000        0x0
 *(.eeprom*)
                0x00810000                __eeprom_end = .

.fuse
 *(.fuse)
 *(.lfuse)
 *(.hfuse)
 *(.efuse)

.lock
 *(.lock*)

.signature
 *(.signature*)

.stab
 *(.stab)

.stabstr
 *(.stabstr)

.stab.excl
 *(.stab.excl)

.stab.exclstr
 *(.stab.exclstr)

.stab.index
 *(.stab.index)

.stab.indexstr
 *(.stab.indexstr)

.comment
 *(.comment)

.debug
 *(.debug)

.line
 *(.line)

.debug_srcinfo
 *(.debug_srcinfo)

.debug_sfnames
 *(.debug_sfnames)

.debug_aranges  0x00000000       0x40
 *(.debug_aranges)
 .debug_aranges
                0x00000000       0x20 Display2x8.o
 .debug_aranges
                0x00000020       0x20 test.o

.debug_pubnames
                0x00000000       0xae
 *(.debug_pubnames)
 .debug_pubnames
                0x00000000       0x93 Display2x8.o
 .debug_pubnames
                0x00000093       0x1b test.o

.debug_info     0x00000000      0x80f
 *(.debug_info)
 .debug_info    0x00000000      0x62e Display2x8.o
 .debug_info    0x0000062e      0x1e1 test.o
 *(.gnu.linkonce.wi.*)

.debug_abbrev   0x00000000      0x1e3
 *(.debug_abbrev)
 .debug_abbrev  0x00000000      0x10d Display2x8.o
 .debug_abbrev  0x0000010d       0xd6 test.o

.debug_line     0x00000000      0x498
 *(.debug_line)
 .debug_line    0x00000000      0x32a Display2x8.o
 .debug_line    0x0000032a      0x16e test.o

.debug_frame    0x00000000       0xc0
 *(.debug_frame)
 .debug_frame   0x00000000       0xa0 Display2x8.o
 .debug_frame   0x000000a0       0x20 test.o

.debug_str      0x00000000      0x182
 *(.debug_str)
 .debug_str     0x00000000      0x157 Display2x8.o
                                0x18b (size before relaxing)
 .debug_str     0x00000157       0x2b test.o
                                0x124 (size before relaxing)

.debug_loc      0x00000000      0x22d
 *(.debug_loc)
 .debug_loc     0x00000000      0x17d Display2x8.o
 .debug_loc     0x0000017d       0xb0 test.o

.debug_macinfo
 *(.debug_macinfo)
OUTPUT(test.elf elf32-avr)
LOAD linker stubs
